Archive member included to satisfy reference by file (symbol)

/Users/gabekrishnadasan/Desktop/2023S/COMP421/nucleo-l152re_hal_lib/Debug/libnucleo-l152re_hal_lib.a(stm32l1xx_hal.o)
                              src/stm32l1xx_it.o (HAL_IncTick)
/Users/gabekrishnadasan/Desktop/2023S/COMP421/nucleo-l152re_hal_lib/Debug/libnucleo-l152re_hal_lib.a(stm32l1xx_hal_cortex.o)
                              /Users/gabekrishnadasan/Desktop/2023S/COMP421/nucleo-l152re_hal_lib/Debug/libnucleo-l152re_hal_lib.a(stm32l1xx_hal.o) (HAL_NVIC_SetPriorityGrouping)
/Users/gabekrishnadasan/Desktop/2023S/COMP421/nucleo-l152re_hal_lib/Debug/libnucleo-l152re_hal_lib.a(stm32l1xx_ll_rcc.o)
                              src/i2c.o (LL_RCC_GetSystemClocksFreq)
/Users/gabekrishnadasan/Desktop/2023S/COMP421/nucleo-l152re_hal_lib/Debug/libnucleo-l152re_hal_lib.a(stm32l1xx_ll_utils.o)
                              src/clock.o (LL_Init1msTick)
/Applications/SystemWorkbench.app/Contents/Eclipse/plugins/fr.ac6.mcu.externaltools.arm-none.macos64_1.17.0.201812190825/tools/compiler/bin/../lib/gcc/arm-none-eabi/7.3.1/../../../../arm-none-eabi/lib/thumb/v7-m/libc.a(lib_a-errno.o)
                              src/syscalls.o (__errno)
/Applications/SystemWorkbench.app/Contents/Eclipse/plugins/fr.ac6.mcu.externaltools.arm-none.macos64_1.17.0.201812190825/tools/compiler/bin/../lib/gcc/arm-none-eabi/7.3.1/../../../../arm-none-eabi/lib/thumb/v7-m/libc.a(lib_a-exit.o)
                              /Applications/SystemWorkbench.app/Contents/Eclipse/plugins/fr.ac6.mcu.externaltools.arm-none.macos64_1.17.0.201812190825/tools/compiler/bin/../lib/gcc/arm-none-eabi/7.3.1/../../../../arm-none-eabi/lib/thumb/v7-m/crt0.o (exit)
/Applications/SystemWorkbench.app/Contents/Eclipse/plugins/fr.ac6.mcu.externaltools.arm-none.macos64_1.17.0.201812190825/tools/compiler/bin/../lib/gcc/arm-none-eabi/7.3.1/../../../../arm-none-eabi/lib/thumb/v7-m/libc.a(lib_a-impure.o)
                              /Applications/SystemWorkbench.app/Contents/Eclipse/plugins/fr.ac6.mcu.externaltools.arm-none.macos64_1.17.0.201812190825/tools/compiler/bin/../lib/gcc/arm-none-eabi/7.3.1/../../../../arm-none-eabi/lib/thumb/v7-m/libc.a(lib_a-exit.o) (_global_impure_ptr)
/Applications/SystemWorkbench.app/Contents/Eclipse/plugins/fr.ac6.mcu.externaltools.arm-none.macos64_1.17.0.201812190825/tools/compiler/bin/../lib/gcc/arm-none-eabi/7.3.1/../../../../arm-none-eabi/lib/thumb/v7-m/libc.a(lib_a-init.o)
                              /Applications/SystemWorkbench.app/Contents/Eclipse/plugins/fr.ac6.mcu.externaltools.arm-none.macos64_1.17.0.201812190825/tools/compiler/bin/../lib/gcc/arm-none-eabi/7.3.1/../../../../arm-none-eabi/lib/thumb/v7-m/crt0.o (__libc_init_array)
/Applications/SystemWorkbench.app/Contents/Eclipse/plugins/fr.ac6.mcu.externaltools.arm-none.macos64_1.17.0.201812190825/tools/compiler/bin/../lib/gcc/arm-none-eabi/7.3.1/../../../../arm-none-eabi/lib/thumb/v7-m/libc.a(lib_a-memset.o)
                              /Applications/SystemWorkbench.app/Contents/Eclipse/plugins/fr.ac6.mcu.externaltools.arm-none.macos64_1.17.0.201812190825/tools/compiler/bin/../lib/gcc/arm-none-eabi/7.3.1/../../../../arm-none-eabi/lib/thumb/v7-m/crt0.o (memset)
/Applications/SystemWorkbench.app/Contents/Eclipse/plugins/fr.ac6.mcu.externaltools.arm-none.macos64_1.17.0.201812190825/tools/compiler/bin/../lib/gcc/arm-none-eabi/7.3.1/../../../../arm-none-eabi/lib/thumb/v7-m/libc.a(lib_a-strlen-stub.o)
                              src/eprintf.o (strlen)
/Applications/SystemWorkbench.app/Contents/Eclipse/plugins/fr.ac6.mcu.externaltools.arm-none.macos64_1.17.0.201812190825/tools/compiler/bin/../lib/gcc/arm-none-eabi/7.3.1/../../../../arm-none-eabi/lib/thumb/v7-m/libc.a(lib_a-__call_atexit.o)
                              /Applications/SystemWorkbench.app/Contents/Eclipse/plugins/fr.ac6.mcu.externaltools.arm-none.macos64_1.17.0.201812190825/tools/compiler/bin/../lib/gcc/arm-none-eabi/7.3.1/../../../../arm-none-eabi/lib/thumb/v7-m/libc.a(lib_a-exit.o) (__call_exitprocs)
/Applications/SystemWorkbench.app/Contents/Eclipse/plugins/fr.ac6.mcu.externaltools.arm-none.macos64_1.17.0.201812190825/tools/compiler/bin/../lib/gcc/arm-none-eabi/7.3.1/../../../../arm-none-eabi/lib/thumb/v7-m/libc.a(lib_a-atexit.o)
                              /Applications/SystemWorkbench.app/Contents/Eclipse/plugins/fr.ac6.mcu.externaltools.arm-none.macos64_1.17.0.201812190825/tools/compiler/bin/../lib/gcc/arm-none-eabi/7.3.1/../../../../arm-none-eabi/lib/thumb/v7-m/libc.a(lib_a-__call_atexit.o) (atexit)
/Applications/SystemWorkbench.app/Contents/Eclipse/plugins/fr.ac6.mcu.externaltools.arm-none.macos64_1.17.0.201812190825/tools/compiler/bin/../lib/gcc/arm-none-eabi/7.3.1/../../../../arm-none-eabi/lib/thumb/v7-m/libc.a(lib_a-fini.o)
[...]
Memory Configuration

Name             Origin             Length             Attributes
FLASH            0x0000000008000000 0x0000000000080000 xr
RAM              0x0000000020000000 0x0000000000014000 xrw
MEMORY_B1        0x0000000060000000 0x0000000000000000 xr
*default*        0x0000000000000000 0xffffffffffffffff

Linker script and memory map

LOAD /Applications/SystemWorkbench.app/Contents/Eclipse/plugins/fr.ac6.mcu.externaltools.arm-none.macos64_1.17.0.201812190825/tools/compiler/bin/../lib/gcc/arm-none-eabi/7.3.1/thumb/v7-m/crti.o
LOAD /Applications/SystemWorkbench.app/Contents/Eclipse/plugins/fr.ac6.mcu.externaltools.arm-none.macos64_1.17.0.201812190825/tools/compiler/bin/../lib/gcc/arm-none-eabi/7.3.1/thumb/v7-m/crtbegin.o
LOAD /Applications/SystemWorkbench.app/Contents/Eclipse/plugins/fr.ac6.mcu.externaltools.arm-none.macos64_1.17.0.201812190825/tools/compiler/bin/../lib/gcc/arm-none-eabi/7.3.1/../../../../arm-none-eabi/lib/thumb/v7-m/crt0.o
LOAD src/accel.o
LOAD src/clock.o
LOAD src/dbg.o
LOAD src/eprintf.o
LOAD src/gobbler.o
LOAD src/i2c.o
LOAD src/lcd.o
LOAD src/main.o
LOAD src/nav.o
LOAD src/rgb.o
LOAD src/spi.o
LOAD src/stm32l1xx_it.o
LOAD src/syscalls.o
LOAD src/system_stm32l1xx.o
LOAD src/uart.o
LOAD startup/startup_stm32l152xe.o
LOAD /Users/gabekrishnadasan/Desktop/2023S/COMP421/nucleo-l152re_hal_lib/Debug/libnucleo-l152re_hal_lib.a
LOAD /Applications/SystemWorkbench.app/Contents/Eclipse/plugins/fr.ac6.mcu.externaltools.arm-none.macos64_1.17.0.201812190825/tools/compiler/bin/../lib/gcc/arm-none-eabi/7.3.1/../../../../arm-none-eabi/lib/thumb/v7-m/libm.a
START GROUP
LOAD /Applications/SystemWorkbench.app/Contents/Eclipse/plugins/fr.ac6.mcu.externaltools.arm-none.macos64_1.17.0.201812190825/tools/compiler/bin/../lib/gcc/arm-none-eabi/7.3.1/thumb/v7-m/libgcc.a
LOAD /Applications/SystemWorkbench.app/Contents/Eclipse/plugins/fr.ac6.mcu.externaltools.arm-none.macos64_1.17.0.201812190825/tools/compiler/bin/../lib/gcc/arm-none-eabi/7.3.1/../../../../arm-none-eabi/lib/thumb/v7-m/libc.a
END GROUP
LOAD /Applications/SystemWorkbench.app/Contents/Eclipse/plugins/fr.ac6.mcu.externaltools.arm-none.macos64_1.17.0.201812190825/tools/compiler/bin/../lib/gcc/arm-none-eabi/7.3.1/thumb/v7-m/crtend.o
LOAD /Applications/SystemWorkbench.app/Contents/Eclipse/plugins/fr.ac6.mcu.externaltools.arm-none.macos64_1.17.0.201812190825/tools/compiler/bin/../lib/gcc/arm-none-eabi/7.3.1/thumb/v7-m/crtn.o
                0x0000000020014000                _estack = 0x20014000
                0x0000000000000200                _Min_Heap_Size = 0x200
                0x0000000000000400                _Min_Stack_Size = 0x400

.isr_vector     0x0000000008000000      0x13c
                0x0000000008000000                . = ALIGN (0x4)
 *(.isr_vector)
 .isr_vector    0x0000000008000000      0x13c startup/startup_stm32l152xe.o
                0x0000000008000000                g_pfnVectors
                0x000000000800013c                . = ALIGN (0x4)

.text           0x000000000800013c     0x31e8
                0x000000000800013c                . = ALIGN (0x4)
 *(.text)
 .text          0x000000000800013c       0x40 /Applications/SystemWorkbench.app/Contents/Eclipse/plugins/fr.ac6.mcu.externaltools.arm-none.macos64_1.17.0.201812190825/tools/compiler/bin/../lib/gcc/arm-none-eabi/7.3.1/thumb/v7-m/crtbegin.o
 *(.text*)
 .text.AccelInit
                0x000000000800017c       0x5e src/accel.o
                0x000000000800017c                AccelInit
 .text.AccelTiltGet
                0x00000000080001da       0x9c src/accel.o
                0x00000000080001da                AccelTiltGet
 *fill*         0x0000000008000276        0x2 
 .text.Rdg2Deg  0x0000000008000278       0x44 src/accel.o
 .text.LL_APB1_GRP1_EnableClock
                0x00000000080002bc       0x30 src/clock.o
 .text.LL_RCC_HSI_Enable
                0x00000000080002ec       0x1c src/clock.o
 .text.LL_RCC_HSI_IsReady
                0x0000000008000308       0x24 src/clock.o
 .text.LL_RCC_SetSysClkSource
                0x000000000800032c       0x28 src/clock.o
 .text.LL_RCC_GetSysClkSource
                0x0000000008000354       0x18 src/clock.o
 .text.LL_RCC_SetAHBPrescaler
                0x000000000800036c       0x28 src/clock.o
 .text.LL_RCC_SetAPB1Prescaler
                0x0000000008000394       0x28 src/clock.o
 .text.LL_RCC_SetAPB2Prescaler
                0x00000000080003bc       0x28 src/clock.o
 .text.LL_RCC_PLL_Enable
                0x00000000080003e4       0x1c src/clock.o
 .text.LL_RCC_PLL_IsReady
                0x0000000008000400       0x24 src/clock.o
 .text.LL_RCC_PLL_ConfigDomain_SYS
                0x0000000008000424       0x34 src/clock.o
 .text.LL_FLASH_SetLatency
                0x0000000008000458       0x28 src/clock.o
 .text.LL_FLASH_Enable64bitAccess
                0x0000000008000480       0x1c src/clock.o
 .text.LL_PWR_SetRegulVoltageScaling
                0x000000000800049c       0x28 src/clock.o
 .text.LL_PWR_IsActiveFlag_VOS
                0x00000000080004c4       0x24 src/clock.o
 .text.ClockInit
                0x00000000080004e8       0x9c src/clock.o
                0x00000000080004e8                ClockInit
 .text.ClockWaitForTick
                0x0000000008000584       0x24 src/clock.o
                0x0000000008000584                ClockWaitForTick
 .text.LL_AHB1_GRP1_EnableClock
                0x00000000080005a8       0x30 src/dbg.o
 .text.LL_GPIO_SetPinMode
                0x00000000080005d8       0x58 src/dbg.o
 .text.LL_GPIO_ResetOutputPin
                0x0000000008000630       0x1a src/dbg.o
 *fill*         0x000000000800064a        0x2 
 .text.DbgInit  0x000000000800064c       0x24 src/dbg.o
                0x000000000800064c                DbgInit
 .text.GobblerClock
                0x0000000008000670      0x3b4 src/gobbler.o
                0x0000000008000670                GobblerClock
 .text.RenderInitialPlayScreen
                0x0000000008000a24       0x38 src/gobbler.o
 .text.GobblerUpdate
                0x0000000008000a5c      0x15c src/gobbler.o
 .text.ElapsedTimeUpdate
                0x0000000008000bb8       0x38 src/gobbler.o
 .text.LL_AHB1_GRP1_EnableClock
                0x0000000008000bf0       0x30 src/i2c.o
 .text.LL_APB1_GRP1_EnableClock
                0x0000000008000c20       0x30 src/i2c.o
 .text.LL_GPIO_SetPinMode
                0x0000000008000c50       0x58 src/i2c.o
 .text.LL_GPIO_SetPinOutputType
                0x0000000008000ca8       0x2e src/i2c.o
 .text.LL_GPIO_SetPinSpeed
                0x0000000008000cd6       0x58 src/i2c.o
 .text.LL_GPIO_SetPinPull
                0x0000000008000d2e       0x58 src/i2c.o
 .text.LL_GPIO_SetAFPin_8_15
                0x0000000008000d86       0x5c src/i2c.o
 .text.LL_I2C_Enable
                0x0000000008000de2       0x1e src/i2c.o
 .text.LL_I2C_Disable
                0x0000000008000e00       0x1e src/i2c.o
 *fill*         0x0000000008000e1e        0x2 
 .text.LL_I2C_ConfigSpeed
                0x0000000008000e20      0x120 src/i2c.o
 .text.LL_I2C_IsActiveFlag_TXE
                0x0000000008000f40       0x24 src/i2c.o
 .text.LL_I2C_IsActiveFlag_RXNE
                0x0000000008000f64       0x24 src/i2c.o
 .text.LL_I2C_IsActiveFlag_SB
                0x0000000008000f88       0x24 src/i2c.o
 .text.LL_I2C_IsActiveFlag_ADDR
                0x0000000008000fac       0x24 src/i2c.o
 .text.LL_I2C_ClearFlag_ADDR
                0x0000000008000fd0       0x22 src/i2c.o
 .text.LL_I2C_AcknowledgeNextData
                0x0000000008000ff2       0x24 src/i2c.o
 .text.LL_I2C_GenerateStartCondition
                0x0000000008001016       0x1e src/i2c.o
 .text.LL_I2C_GenerateStopCondition
                0x0000000008001034       0x1e src/i2c.o
 .text.LL_I2C_ReceiveData8
                0x0000000008001052       0x18 src/i2c.o
 .text.LL_I2C_TransmitData8
                0x000000000800106a       0x26 src/i2c.o
 .text.I2cInit  0x0000000008001090       0xc0 src/i2c.o
                0x0000000008001090                I2cInit
 .text.I2cWrite
                0x0000000008001150       0xa4 src/i2c.o
                0x0000000008001150                I2cWrite
 .text.I2cRead  0x00000000080011f4       0xec src/i2c.o
                0x00000000080011f4                I2cRead
 .text.LcdInit  0x00000000080012e0       0x80 src/lcd.o
                0x00000000080012e0                LcdInit
 .text.LcdClear
                0x0000000008001360       0x52 src/lcd.o
                0x0000000008001360                LcdClear
 *fill*         0x00000000080013b2        0x2 
 .text.LcdRenderObject
                0x00000000080013b4      0x1e8 src/lcd.o
                0x00000000080013b4                LcdRenderObject
 .text.LcdPrintf
                0x000000000800159c      0x458 src/lcd.o
                0x000000000800159c                LcdPrintf
 .text.LeftFill
                0x00000000080019f4       0xe0 src/lcd.o
 .text.RightFill
                0x0000000008001ad4       0x68 src/lcd.o
 .text.CharWrite
                0x0000000008001b3c       0x68 src/lcd.o
 .text.LL_GPIO_SetOutputPin
                0x0000000008001ba4       0x1a src/main.o
 .text.LL_GPIO_ResetOutputPin
                0x0000000008001bbe       0x1a src/main.o
 .text.main     0x0000000008001bd8       0x50 src/main.o
                0x0000000008001bd8                main
 .text.LL_AHB1_GRP1_EnableClock
                0x0000000008001c28       0x30 src/nav.o
 .text.LL_GPIO_SetPinMode
                0x0000000008001c58       0x58 src/nav.o
 .text.LL_GPIO_IsInputPinSet
                0x0000000008001cb0       0x28 src/nav.o
 .text.NavInit  0x0000000008001cd8       0x58 src/nav.o
                0x0000000008001cd8                NavInit
 .text.NavClock
                0x0000000008001d30      0x328 src/nav.o
                0x0000000008001d30                NavClock
 .text.NavSelectIsPressed
                0x0000000008002058       0x14 src/nav.o
                0x0000000008002058                NavSelectIsPressed
 .text.NavClearSelectIsPressed
                0x000000000800206c       0x18 src/nav.o
                0x000000000800206c                NavClearSelectIsPressed
 .text.LL_AHB1_GRP1_EnableClock
                0x0000000008002084       0x30 src/rgb.o
 .text.LL_GPIO_SetPinMode
                0x00000000080020b4       0x58 src/rgb.o
 .text.LL_GPIO_SetOutputPin
                0x000000000800210c       0x1a src/rgb.o
 .text.LL_GPIO_ResetOutputPin
                0x0000000008002126       0x1a src/rgb.o
 .text.RgbInit  0x0000000008002140       0x60 src/rgb.o
                0x0000000008002140                RgbInit
 .text.RgbClock
                0x00000000080021a0      0x18c src/rgb.o
                0x00000000080021a0                RgbClock
 .text.RgbRedPwmSet
                0x000000000800232c       0x34 src/rgb.o
                0x000000000800232c                RgbRedPwmSet
 .text.RgbRedPwmGet
                0x0000000008002360       0x14 src/rgb.o
                0x0000000008002360                RgbRedPwmGet
 .text.RgbGrnPwmSet
                0x0000000008002374       0x34 src/rgb.o
                0x0000000008002374                RgbGrnPwmSet
 .text.RgbGrnPwmGet
                0x00000000080023a8       0x14 src/rgb.o
                0x00000000080023a8                RgbGrnPwmGet
 .text.RgbBluPwmSet
                0x00000000080023bc       0x34 src/rgb.o
                0x00000000080023bc                RgbBluPwmSet
 .text.LL_AHB1_GRP1_EnableClock
                0x00000000080023f0       0x30 src/spi.o
 .text.LL_GPIO_SetPinMode
                0x0000000008002420       0x58 src/spi.o
 .text.LL_GPIO_SetOutputPin
                0x0000000008002478       0x1a src/spi.o
 .text.LL_GPIO_ResetOutputPin
                0x0000000008002492       0x1a src/spi.o
 .text.SpiInit  0x00000000080024ac       0x7c src/spi.o
                0x00000000080024ac                SpiInit
 .text.SpiCmdWrite
                0x0000000008002528       0x74 src/spi.o
                0x0000000008002528                SpiCmdWrite
 .text.SpiDataWrite
                0x000000000800259c       0x74 src/spi.o
                0x000000000800259c                SpiDataWrite
 .text.SpiResetAssert
                0x0000000008002610       0x14 src/spi.o
                0x0000000008002610                SpiResetAssert
 .text.SpiResetDeassert
                0x0000000008002624       0x14 src/spi.o
                0x0000000008002624                SpiResetDeassert
 .text.SysTick_Handler
                0x0000000008002638       0x10 src/stm32l1xx_it.o
                0x0000000008002638                SysTick_Handler
 .text.SystemInit
                0x0000000008002648       0x68 src/system_stm32l1xx.o
                0x0000000008002648                SystemInit
 .text.NVIC_EnableIRQ
                0x00000000080026b0       0x30 src/uart.o
 .text.NVIC_SetPriority
                0x00000000080026e0       0x54 src/uart.o
 .text.LL_AHB1_GRP1_EnableClock
                0x0000000008002734       0x30 src/uart.o
 .text.LL_APB1_GRP1_EnableClock
                0x0000000008002764       0x30 src/uart.o
 .text.LL_GPIO_SetPinMode
                0x0000000008002794       0x58 src/uart.o
 .text.LL_GPIO_SetPinOutputType
                0x00000000080027ec       0x2e src/uart.o
 .text.LL_GPIO_SetPinSpeed
                0x000000000800281a       0x58 src/uart.o
 .text.LL_GPIO_SetPinPull
                0x0000000008002872       0x58 src/uart.o
 .text.LL_GPIO_SetAFPin_0_7
                0x00000000080028ca       0x58 src/uart.o
 .text.LL_USART_Enable
                0x0000000008002922       0x1e src/uart.o
 .text.LL_USART_SetTransferDirection
                0x0000000008002940       0x24 src/uart.o
 .text.LL_USART_ConfigCharacter
                0x0000000008002964       0x3c src/uart.o
 .text.LL_USART_SetBaudRate
                0x00000000080029a0      0x16c src/uart.o
 .text.LL_USART_IsActiveFlag_RXNE
                0x0000000008002b0c       0x24 src/uart.o
 .text.LL_USART_IsActiveFlag_TXE
                0x0000000008002b30       0x24 src/uart.o
 .text.LL_USART_EnableIT_RXNE
                0x0000000008002b54       0x1e src/uart.o
 .text.LL_USART_DisableIT_TXE
                0x0000000008002b72       0x1e src/uart.o
 .text.LL_USART_ReceiveData8
                0x0000000008002b90       0x18 src/uart.o
 .text.LL_USART_TransmitData8
                0x0000000008002ba8       0x1c src/uart.o
 .text.UartInit
                0x0000000008002bc4       0xd8 src/uart.o
                0x0000000008002bc4                UartInit
 .text.USART2_IRQHandler
                0x0000000008002c9c       0xd4 src/uart.o
                0x0000000008002c9c                USART2_IRQHandler
 .text.Reset_Handler
                0x0000000008002d70       0x48 startup/startup_stm32l152xe.o
                0x0000000008002d70                Reset_Handler
 .text.Default_Handler
                0x0000000008002db8        0x2 startup/startup_stm32l152xe.o
                0x0000000008002db8                DMA2_Channel3_IRQHandler
                0x0000000008002db8                EXTI2_IRQHandler
                0x0000000008002db8                COMP_ACQ_IRQHandler
                0x0000000008002db8                DebugMon_Handler
                0x0000000008002db8                HardFault_Handler
                0x0000000008002db8                TIM10_IRQHandler
                0x0000000008002db8                USB_HP_IRQHandler
                0x0000000008002db8                TIM6_IRQHandler
                0x0000000008002db8                PVD_IRQHandler
                0x0000000008002db8                PendSV_Handler
                0x0000000008002db8                NMI_Handler
                0x0000000008002db8                EXTI3_IRQHandler
                0x0000000008002db8                EXTI0_IRQHandler
                0x0000000008002db8                I2C2_EV_IRQHandler
                0x0000000008002db8                UsageFault_Handler
                0x0000000008002db8                SPI1_IRQHandler
                0x0000000008002db8                USB_FS_WKUP_IRQHandler
                0x0000000008002db8                DMA2_Channel2_IRQHandler
                0x0000000008002db8                DMA1_Channel4_IRQHandler
                0x0000000008002db8                ADC1_IRQHandler
                0x0000000008002db8                USART3_IRQHandler
                0x0000000008002db8                DMA1_Channel7_IRQHandler
                0x0000000008002db8                LCD_IRQHandler
                0x0000000008002db8                UART5_IRQHandler
                0x0000000008002db8                TIM4_IRQHandler
                0x0000000008002db8                DMA2_Channel1_IRQHandler
                0x0000000008002db8                I2C1_EV_IRQHandler
                0x0000000008002db8                DMA1_Channel6_IRQHandler
                0x0000000008002db8                UART4_IRQHandler
                0x0000000008002db8                DMA2_Channel4_IRQHandler
                0x0000000008002db8                TIM3_IRQHandler
                0x0000000008002db8                RCC_IRQHandler
                0x0000000008002db8                DMA1_Channel1_IRQHandler
                0x0000000008002db8                Default_Handler
                0x0000000008002db8                EXTI15_10_IRQHandler
                0x0000000008002db8                TIM7_IRQHandler
                0x0000000008002db8                TIM5_IRQHandler
                0x0000000008002db8                EXTI9_5_IRQHandler
                0x0000000008002db8                TIM9_IRQHandler
                0x0000000008002db8                TAMPER_STAMP_IRQHandler
                0x0000000008002db8                RTC_WKUP_IRQHandler
                0x0000000008002db8                SPI2_IRQHandler
                0x0000000008002db8                MemManage_Handler
                0x0000000008002db8                SVC_Handler
                0x0000000008002db8                DMA2_Channel5_IRQHandler
                0x0000000008002db8                DMA1_Channel5_IRQHandler
                0x0000000008002db8                USB_LP_IRQHandler
                0x0000000008002db8                EXTI4_IRQHandler
                0x0000000008002db8                DMA1_Channel3_IRQHandler
                0x0000000008002db8                COMP_IRQHandler
                0x0000000008002db8                WWDG_IRQHandler
                0x0000000008002db8                TIM2_IRQHandler
                0x0000000008002db8                DAC_IRQHandler
                0x0000000008002db8                EXTI1_IRQHandler
                0x0000000008002db8                TIM11_IRQHandler
                0x0000000008002db8                I2C2_ER_IRQHandler
                0x0000000008002db8                DMA1_Channel2_IRQHandler
                0x0000000008002db8                FLASH_IRQHandler
                0x0000000008002db8                BusFault_Handler
                0x0000000008002db8                USART1_IRQHandler
                0x0000000008002db8                SPI3_IRQHandler
                0x0000000008002db8                I2C1_ER_IRQHandler
                0x0000000008002db8                RTC_Alarm_IRQHandler
 *fill*         0x0000000008002dba        0x2 
 .text.HAL_IncTick
                0x0000000008002dbc       0x1c /Users/gabekrishnadasan/Desktop/2023S/COMP421/nucleo-l152re_hal_lib/Debug/libnucleo-l152re_hal_lib.a(stm32l1xx_hal.o)
                0x0000000008002dbc                HAL_IncTick
 .text.HAL_SYSTICK_IRQHandler
                0x0000000008002dd8        0xc /Users/gabekrishnadasan/Desktop/2023S/COMP421/nucleo-l152re_hal_lib/Debug/libnucleo-l152re_hal_lib.a(stm32l1xx_hal_cortex.o)
                0x0000000008002dd8                HAL_SYSTICK_IRQHandler
 .text.HAL_SYSTICK_Callback
                0x0000000008002de4        0xc /Users/gabekrishnadasan/Desktop/2023S/COMP421/nucleo-l152re_hal_lib/Debug/libnucleo-l152re_hal_lib.a(stm32l1xx_hal_cortex.o)
                0x0000000008002de4                HAL_SYSTICK_Callback
 .text.LL_RCC_MSI_GetRange
                0x0000000008002df0       0x18 /Users/gabekrishnadasan/Desktop/2023S/COMP421/nucleo-l152re_hal_lib/Debug/libnucleo-l152re_hal_lib.a(stm32l1xx_ll_rcc.o)
 .text.LL_RCC_GetSysClkSource
                0x0000000008002e08       0x18 /Users/gabekrishnadasan/Desktop/2023S/COMP421/nucleo-l152re_hal_lib/Debug/libnucleo-l152re_hal_lib.a(stm32l1xx_ll_rcc.o)
 .text.LL_RCC_GetAHBPrescaler
                0x0000000008002e20       0x18 /Users/gabekrishnadasan/Desktop/2023S/COMP421/nucleo-l152re_hal_lib/Debug/libnucleo-l152re_hal_lib.a(stm32l1xx_ll_rcc.o)
 .text.LL_RCC_GetAPB1Prescaler
                0x0000000008002e38       0x18 /Users/gabekrishnadasan/Desktop/2023S/COMP421/nucleo-l152re_hal_lib/Debug/libnucleo-l152re_hal_lib.a(stm32l1xx_ll_rcc.o)
 .text.LL_RCC_GetAPB2Prescaler
                0x0000000008002e50       0x18 /Users/gabekrishnadasan/Desktop/2023S/COMP421/nucleo-l152re_hal_lib/Debug/libnucleo-l152re_hal_lib.a(stm32l1xx_ll_rcc.o)
 .text.LL_RCC_PLL_GetMainSource
                0x0000000008002e68       0x18 /Users/gabekrishnadasan/Desktop/2023S/COMP421/nucleo-l152re_hal_lib/Debug/libnucleo-l152re_hal_lib.a(stm32l1xx_ll_rcc.o)
 .text.LL_RCC_PLL_GetMultiplicator
                0x0000000008002e80       0x18 /Users/gabekrishnadasan/Desktop/2023S/COMP421/nucleo-l152re_hal_lib/Debug/libnucleo-l152re_hal_lib.a(stm32l1xx_ll_rcc.o)
 .text.LL_RCC_PLL_GetDivider
                0x0000000008002e98       0x18 /Users/gabekrishnadasan/Desktop/2023S/COMP421/nucleo-l152re_hal_lib/Debug/libnucleo-l152re_hal_lib.a(stm32l1xx_ll_rcc.o)
 .text.LL_RCC_GetSystemClocksFreq
                0x0000000008002eb0       0x4a /Users/gabekrishnadasan/Desktop/2023S/COMP421/nucleo-l152re_hal_lib/Debug/libnucleo-l152re_hal_lib.a(stm32l1xx_ll_rcc.o)
                0x0000000008002eb0                LL_RCC_GetSystemClocksFreq
 *fill*         0x0000000008002efa        0x2 
 .text.RCC_GetSystemClockFreq
                0x0000000008002efc       0xd0 /Users/gabekrishnadasan/Desktop/2023S/COMP421/nucleo-l152re_hal_lib/Debug/libnucleo-l152re_hal_lib.a(stm32l1xx_ll_rcc.o)
                0x0000000008002efc                RCC_GetSystemClockFreq
 .text.RCC_GetHCLKClockFreq
                0x0000000008002fcc       0x2c /Users/gabekrishnadasan/Desktop/2023S/COMP421/nucleo-l152re_hal_lib/Debug/libnucleo-l152re_hal_lib.a(stm32l1xx_ll_rcc.o)
                0x0000000008002fcc                RCC_GetHCLKClockFreq
 .text.RCC_GetPCLK1ClockFreq
                0x0000000008002ff8       0x28 /Users/gabekrishnadasan/Desktop/2023S/COMP421/nucleo-l152re_hal_lib/Debug/libnucleo-l152re_hal_lib.a(stm32l1xx_ll_rcc.o)
                0x0000000008002ff8                RCC_GetPCLK1ClockFreq
 .text.RCC_GetPCLK2ClockFreq
                0x0000000008003020       0x28 /Users/gabekrishnadasan/Desktop/2023S/COMP421/nucleo-l152re_hal_lib/Debug/libnucleo-l152re_hal_lib.a(stm32l1xx_ll_rcc.o)
                0x0000000008003020                RCC_GetPCLK2ClockFreq
 .text.RCC_PLL_GetFreqDomain_SYS
                0x0000000008003048       0x98 /Users/gabekrishnadasan/Desktop/2023S/COMP421/nucleo-l152re_hal_lib/Debug/libnucleo-l152re_hal_lib.a(stm32l1xx_ll_rcc.o)
                0x0000000008003048                RCC_PLL_GetFreqDomain_SYS
 .text.LL_InitTick
                0x00000000080030e0       0x34 /Users/gabekrishnadasan/Desktop/2023S/COMP421/nucleo-l152re_hal_lib/Debug/libnucleo-l152re_hal_lib.a(stm32l1xx_ll_utils.o)
 .text.LL_Init1msTick
                0x0000000008003114       0x1a /Users/gabekrishnadasan/Desktop/2023S/COMP421/nucleo-l152re_hal_lib/Debug/libnucleo-l152re_hal_lib.a(stm32l1xx_ll_utils.o)
                0x0000000008003114                LL_Init1msTick
 *fill*         0x000000000800312e        0x2 
 .text.LL_SetSystemCoreClock
                0x0000000008003130       0x1c /Users/gabekrishnadasan/Desktop/2023S/COMP421/nucleo-l152re_hal_lib/Debug/libnucleo-l152re_hal_lib.a(stm32l1xx_ll_utils.o)
                0x0000000008003130                LL_SetSystemCoreClock
 .text.__libc_init_array
                0x000000000800314c       0x48 /Applications/SystemWorkbench.app/Contents/Eclipse/plugins/fr.ac6.mcu.externaltools.arm-none.macos64_1.17.0.201812190825/tools/compiler/bin/../lib/gcc/arm-none-eabi/7.3.1/../../../../arm-none-eabi/lib/thumb/v7-m/libc.a(lib_a-init.o)
                0x000000000800314c                __libc_init_array
 .text.strlen   0x0000000008003194       0x5c /Applications/SystemWorkbench.app/Contents/Eclipse/plugins/fr.ac6.mcu.externaltools.arm-none.macos64_1.17.0.201812190825/tools/compiler/bin/../lib/gcc/arm-none-eabi/7.3.1/../../../../arm-none-eabi/lib/thumb/v7-m/libc.a(lib_a-strlen-stub.o)
                0x0000000008003194                strlen
 .text.startup.register_fini
                0x00000000080031f0       0x14 /Applications/SystemWorkbench.app/Contents/Eclipse/plugins/fr.ac6.mcu.externaltools.arm-none.macos64_1.17.0.201812190825/tools/compiler/bin/../lib/gcc/arm-none-eabi/7.3.1/../../../../arm-none-eabi/lib/thumb/v7-m/libc.a(lib_a-__call_atexit.o)
 .text.atexit   0x0000000008003204        0xc /Applications/SystemWorkbench.app/Contents/Eclipse/plugins/fr.ac6.mcu.externaltools.arm-none.macos64_1.17.0.201812190825/tools/compiler/bin/../lib/gcc/arm-none-eabi/7.3.1/../../../../arm-none-eabi/lib/thumb/v7-m/libc.a(lib_a-atexit.o)
                0x0000000008003204                atexit
 .text.__libc_fini_array
                0x0000000008003210       0x34 /Applications/SystemWorkbench.app/Contents/Eclipse/plugins/fr.ac6.mcu.externaltools.arm-none.macos64_1.17.0.201812190825/tools/compiler/bin/../lib/gcc/arm-none-eabi/7.3.1/../../../../arm-none-eabi/lib/thumb/v7-m/libc.a(lib_a-fini.o)
                0x0000000008003210                __libc_fini_array
 .text.__retarget_lock_acquire_recursive
                0x0000000008003244        0x4 /Applications/SystemWorkbench.app/Contents/Eclipse/plugins/fr.ac6.mcu.externaltools.arm-none.macos64_1.17.0.201812190825/tools/compiler/bin/../lib/gcc/arm-none-eabi/7.3.1/../../../../arm-none-eabi/lib/thumb/v7-m/libc.a(lib_a-lock.o)
                0x0000000008003244                __retarget_lock_acquire_recursive
 .text.__retarget_lock_release_recursive
                0x0000000008003248        0x4 /Applications/SystemWorkbench.app/Contents/Eclipse/plugins/fr.ac6.mcu.externaltools.arm-none.macos64_1.17.0.201812190825/tools/compiler/bin/../lib/gcc/arm-none-eabi/7.3.1/../../../../arm-none-eabi/lib/thumb/v7-m/libc.a(lib_a-lock.o)
                0x0000000008003248                __retarget_lock_release_recursive
 .text.__register_exitproc
                0x000000000800324c       0xc0 /Applications/SystemWorkbench.app/Contents/Eclipse/plugins/fr.ac6.mcu.externaltools.arm-none.macos64_1.17.0.201812190825/tools/compiler/bin/../lib/gcc/arm-none-eabi/7.3.1/../../../../arm-none-eabi/lib/thumb/v7-m/libc.a(lib_a-__atexit.o)
                0x000000000800324c                __register_exitproc
 *(.glue_7)
 .glue_7        0x000000000800330c        0x0 linker stubs
 *(.glue_7t)
 .glue_7t       0x000000000800330c        0x0 linker stubs
 *(.eh_frame)
 .eh_frame      0x000000000800330c        0x0 /Applications/SystemWorkbench.app/Contents/Eclipse/plugins/fr.ac6.mcu.externaltools.arm-none.macos64_1.17.0.201812190825/tools/compiler/bin/../lib/gcc/arm-none-eabi/7.3.1/thumb/v7-m/crtbegin.o
 *(.init)
 .init          0x000000000800330c        0x4 /Applications/SystemWorkbench.app/Contents/Eclipse/plugins/fr.ac6.mcu.externaltools.arm-none.macos64_1.17.0.201812190825/tools/compiler/bin/../lib/gcc/arm-none-eabi/7.3.1/thumb/v7-m/crti.o
                0x000000000800330c                _init
 .init          0x0000000008003310        0x8 /Applications/SystemWorkbench.app/Contents/Eclipse/plugins/fr.ac6.mcu.externaltools.arm-none.macos64_1.17.0.201812190825/tools/compiler/bin/../lib/gcc/arm-none-eabi/7.3.1/thumb/v7-m/crtn.o
 *(.fini)
 .fini          0x0000000008003318        0x4 /Applications/SystemWorkbench.app/Contents/Eclipse/plugins/fr.ac6.mcu.externaltools.arm-none.macos64_1.17.0.201812190825/tools/compiler/bin/../lib/gcc/arm-none-eabi/7.3.1/thumb/v7-m/crti.o
                0x0000000008003318                _fini
 .fini          0x000000000800331c        0x8 /Applications/SystemWorkbench.app/Contents/Eclipse/plugins/fr.ac6.mcu.externaltools.arm-none.macos64_1.17.0.201812190825/tools/compiler/bin/../lib/gcc/arm-none-eabi/7.3.1/thumb/v7-m/crtn.o
                0x0000000008003324                . = ALIGN (0x4)
                0x0000000008003324                _etext = .

.vfp11_veneer   0x0000000008003324        0x0
 .vfp11_veneer  0x0000000008003324        0x0 linker stubs

.v4_bx          0x0000000008003324        0x0
 .v4_bx         0x0000000008003324        0x0 linker stubs

.iplt           0x0000000008003324        0x0
 .iplt          0x0000000008003324        0x0 /Applications/SystemWorkbench.app/Contents/Eclipse/plugins/fr.ac6.mcu.externaltools.arm-none.macos64_1.17.0.201812190825/tools/compiler/bin/../lib/gcc/arm-none-eabi/7.3.1/thumb/v7-m/crtbegin.o

.rodata         0x0000000008003324      0x4a4
                0x0000000008003324                . = ALIGN (0x4)
 *(.rodata)
 .rodata        0x0000000008003324       0xb4 src/accel.o
 .rodata        0x00000000080033d8       0x9d src/gobbler.o
 *fill*         0x0000000008003475        0x3 
 .rodata        0x0000000008003478      0x328 src/lcd.o
 .rodata        0x00000000080037a0       0x24 src/system_stm32l1xx.o
                0x00000000080037a0                PLLMulTable
                0x00000000080037ac                AHBPrescTable
                0x00000000080037bc                APBPrescTable
 *(.rodata*)
 .rodata._global_impure_ptr
                0x00000000080037c4        0x4 /Applications/SystemWorkbench.app/Contents/Eclipse/plugins/fr.ac6.mcu.externaltools.arm-none.macos64_1.17.0.201812190825/tools/compiler/bin/../lib/gcc/arm-none-eabi/7.3.1/../../../../arm-none-eabi/lib/thumb/v7-m/libc.a(lib_a-impure.o)
                0x00000000080037c4                _global_impure_ptr
                0x00000000080037c8                . = ALIGN (0x4)

.rel.dyn        0x00000000080037c8        0x0
 .rel.iplt      0x00000000080037c8        0x0 /Applications/SystemWorkbench.app/Contents/Eclipse/plugins/fr.ac6.mcu.externaltools.arm-none.macos64_1.17.0.201812190825/tools/compiler/bin/../lib/gcc/arm-none-eabi/7.3.1/thumb/v7-m/crtbegin.o

.ARM.extab
 *(.ARM.extab* .gnu.linkonce.armextab.*)

.ARM            0x00000000080037c8        0x0
                0x00000000080037c8                __exidx_start = .
 *(.ARM.exidx*)
                0x00000000080037c8                __exidx_end = .

.preinit_array  0x00000000080037c8        0x0
                0x00000000080037c8                PROVIDE (__preinit_array_start = .)
 *(.preinit_array*)
                0x00000000080037c8                PROVIDE (__preinit_array_end = .)

.init_array     0x00000000080037c8        0x8
                0x00000000080037c8                PROVIDE (__init_array_start = .)
 *(SORT_BY_NAME(.init_array.*))
 .init_array.00000
                0x00000000080037c8        0x4 /Applications/SystemWorkbench.app/Contents/Eclipse/plugins/fr.ac6.mcu.externaltools.arm-none.macos64_1.17.0.201812190825/tools/compiler/bin/../lib/gcc/arm-none-eabi/7.3.1/../../../../arm-none-eabi/lib/thumb/v7-m/libc.a(lib_a-__call_atexit.o)
 *(.init_array*)
 .init_array    0x00000000080037cc        0x4 /Applications/SystemWorkbench.app/Contents/Eclipse/plugins/fr.ac6.mcu.externaltools.arm-none.macos64_1.17.0.201812190825/tools/compiler/bin/../lib/gcc/arm-none-eabi/7.3.1/thumb/v7-m/crtbegin.o
                0x00000000080037d0                PROVIDE (__init_array_end = .)

.fini_array     0x00000000080037d0        0x4
                0x00000000080037d0                PROVIDE (__fini_array_start = .)
 *(SORT_BY_NAME(.fini_array.*))
 *(.fini_array*)
 .fini_array    0x00000000080037d0        0x4 /Applications/SystemWorkbench.app/Contents/Eclipse/plugins/fr.ac6.mcu.externaltools.arm-none.macos64_1.17.0.201812190825/tools/compiler/bin/../lib/gcc/arm-none-eabi/7.3.1/thumb/v7-m/crtbegin.o
                0x00000000080037d4                PROVIDE (__fini_array_end = .)
                0x00000000080037d4                _sidata = LOADADDR (.data)

.data           0x0000000020000000      0x444 load address 0x00000000080037d4
                0x0000000020000000                . = ALIGN (0x4)
                0x0000000020000000                _sdata = .
 *(.data)
 .data          0x0000000020000000       0x10 src/lcd.o
 .data          0x0000000020000010        0x4 src/system_stm32l1xx.o
                0x0000000020000010                SystemCoreClock
 *(.data*)
 *fill*         0x0000000020000014        0x4 
 .data.impure_data
                0x0000000020000018      0x428 /Applications/SystemWorkbench.app/Contents/Eclipse/plugins/fr.ac6.mcu.externaltools.arm-none.macos64_1.17.0.201812190825/tools/compiler/bin/../lib/gcc/arm-none-eabi/7.3.1/../../../../arm-none-eabi/lib/thumb/v7-m/libc.a(lib_a-impure.o)
 .data.__atexit_recursive_mutex
                0x0000000020000440        0x4 /Applications/SystemWorkbench.app/Contents/Eclipse/plugins/fr.ac6.mcu.externaltools.arm-none.macos64_1.17.0.201812190825/tools/compiler/bin/../lib/gcc/arm-none-eabi/7.3.1/../../../../arm-none-eabi/lib/thumb/v7-m/libc.a(lib_a-__call_atexit.o)
                0x0000000020000440                __atexit_recursive_mutex
 *(.RamFunc)
                0x0000000020000444                . = ALIGN (0x4)
                0x0000000020000444                _edata = .

.igot.plt       0x0000000020000444        0x0 load address 0x0000000008003c18
 .igot.plt      0x0000000020000444        0x0 /Applications/SystemWorkbench.app/Contents/Eclipse/plugins/fr.ac6.mcu.externaltools.arm-none.macos64_1.17.0.201812190825/tools/compiler/bin/../lib/gcc/arm-none-eabi/7.3.1/thumb/v7-m/crtbegin.o
                0x0000000020000444                . = ALIGN (0x4)

.bss            0x0000000020000444      0xaf0 load address 0x0000000008003c18
                0x0000000020000444                _sbss = .
                0x0000000020000444                __bss_start__ = _sbss
 *(.bss)
 .bss           0x0000000020000444       0x1c /Applications/SystemWorkbench.app/Contents/Eclipse/plugins/fr.ac6.mcu.externaltools.arm-none.macos64_1.17.0.201812190825/tools/compiler/bin/../lib/gcc/arm-none-eabi/7.3.1/thumb/v7-m/crtbegin.o
 .bss           0x0000000020000460       0x20 src/gobbler.o
 .bss           0x0000000020000480      0x21c src/lcd.o
 .bss           0x000000002000069c       0x3c src/nav.o
 .bss           0x00000000200006d8       0x24 src/rgb.o
 .bss           0x00000000200006fc      0x810 src/uart.o
 *(.bss*)
 *(COMMON)
 COMMON         0x0000000020000f0c        0x4 /Users/gabekrishnadasan/Desktop/2023S/COMP421/nucleo-l152re_hal_lib/Debug/libnucleo-l152re_hal_lib.a(stm32l1xx_hal.o)
                0x0000000020000f0c                uwTick
 COMMON         0x0000000020000f10       0x21 /Applications/SystemWorkbench.app/Contents/Eclipse/plugins/fr.ac6.mcu.externaltools.arm-none.macos64_1.17.0.201812190825/tools/compiler/bin/../lib/gcc/arm-none-eabi/7.3.1/../../../../arm-none-eabi/lib/thumb/v7-m/libc.a(lib_a-lock.o)
                0x0000000020000f10                __lock___atexit_recursive_mutex
                0x0000000020000f14                __lock___arc4random_mutex
                0x0000000020000f18                __lock___env_recursive_mutex
                0x0000000020000f1c                __lock___sinit_recursive_mutex
                0x0000000020000f20                __lock___malloc_recursive_mutex
                0x0000000020000f24                __lock___at_quick_exit_mutex
                0x0000000020000f28                __lock___dd_hash_mutex
                0x0000000020000f2c                __lock___tz_mutex
                0x0000000020000f30                __lock___sfp_recursive_mutex
                0x0000000020000f34                . = ALIGN (0x4)
 *fill*         0x0000000020000f31        0x3 
                0x0000000020000f34                _ebss = .
                0x0000000020000f34                __bss_end__ = _ebss

._user_heap_stack
                0x0000000020000f34      0x604 load address 0x0000000008003c18
                0x0000000020000f38                . = ALIGN (0x8)
 *fill*         0x0000000020000f34        0x4 
                0x0000000020000f38                PROVIDE (end = .)
                [!provide]                        PROVIDE (_end = .)
                0x0000000020001138                . = (. + _Min_Heap_Size)
 *fill*         0x0000000020000f38      0x200 
                0x0000000020001538                . = (. + _Min_Stack_Size)
 *fill*         0x0000000020001138      0x400 
                0x0000000020001538                . = ALIGN (0x8)

.memory_b1_text
 *(.mb1text)
 *(.mb1text*)
 *(.mb1rodata)
 *(.mb1rodata*)

/DISCARD/
 libc.a(*)
 libm.a(*)
 libgcc.a(*)

.ARM.attributes
                0x0000000000000000       0x29
 *(.ARM.attributes)
 .ARM.attributes
                0x0000000000000000       0x1d /Applications/SystemWorkbench.app/Contents/Eclipse/plugins/fr.ac6.mcu.externaltools.arm-none.macos64_1.17.0.201812190825/tools/compiler/bin/../lib/gcc/arm-none-eabi/7.3.1/thumb/v7-m/crti.o
 .ARM.attributes
                0x000000000000001d       0x2d /Applications/SystemWorkbench.app/Contents/Eclipse/plugins/fr.ac6.mcu.externaltools.arm-none.macos64_1.17.0.201812190825/tools/compiler/bin/../lib/gcc/arm-none-eabi/7.3.1/thumb/v7-m/crtbegin.o
 .ARM.attributes
                0x000000000000004a       0x33 src/accel.o
 .ARM.attributes
                0x000000000000007d       0x33 src/clock.o
 .ARM.attributes
                0x00000000000000b0       0x33 src/dbg.o
 .ARM.attributes
                0x00000000000000e3       0x33 src/gobbler.o
 .ARM.attributes
                0x0000000000000116       0x33 src/i2c.o
 .ARM.attributes
                0x0000000000000149       0x33 src/lcd.o
 .ARM.attributes
                0x000000000000017c       0x33 src/main.o
 .ARM.attributes
                0x00000000000001af       0x33 src/nav.o
 .ARM.attributes
                0x00000000000001e2       0x33 src/rgb.o
 .ARM.attributes
                0x0000000000000215       0x33 src/spi.o
 .ARM.attributes
                0x0000000000000248       0x33 src/stm32l1xx_it.o
 .ARM.attributes
                0x000000000000027b       0x33 src/system_stm32l1xx.o
 .ARM.attributes
                0x00000000000002ae       0x33 src/uart.o
 .ARM.attributes
                0x00000000000002e1       0x21 startup/startup_stm32l152xe.o
 .ARM.attributes
                0x0000000000000302       0x33 /Users/gabekrishnadasan/Desktop/2023S/COMP421/nucleo-l152re_hal_lib/Debug/libnucleo-l152re_hal_lib.a(stm32l1xx_hal.o)
 .ARM.attributes
                0x0000000000000335       0x33 /Users/gabekrishnadasan/Desktop/2023S/COMP421/nucleo-l152re_hal_lib/Debug/libnucleo-l152re_hal_lib.a(stm32l1xx_hal_cortex.o)
 .ARM.attributes
                0x0000000000000368       0x33 /Users/gabekrishnadasan/Desktop/2023S/COMP421/nucleo-l152re_hal_lib/Debug/libnucleo-l152re_hal_lib.a(stm32l1xx_ll_rcc.o)
 .ARM.attributes
                0x000000000000039b       0x33 /Users/gabekrishnadasan/Desktop/2023S/COMP421/nucleo-l152re_hal_lib/Debug/libnucleo-l152re_hal_lib.a(stm32l1xx_ll_utils.o)
 .ARM.attributes
                0x00000000000003ce       0x2d /Applications/SystemWorkbench.app/Contents/Eclipse/plugins/fr.ac6.mcu.externaltools.arm-none.macos64_1.17.0.201812190825/tools/compiler/bin/../lib/gcc/arm-none-eabi/7.3.1/../../../../arm-none-eabi/lib/thumb/v7-m/libc.a(lib_a-impure.o)
 .ARM.attributes
                0x00000000000003fb       0x2d /Applications/SystemWorkbench.app/Contents/Eclipse/plugins/fr.ac6.mcu.externaltools.arm-none.macos64_1.17.0.201812190825/tools/compiler/bin/../lib/gcc/arm-none-eabi/7.3.1/../../../../arm-none-eabi/lib/thumb/v7-m/libc.a(lib_a-init.o)
 .ARM.attributes
                0x0000000000000428       0x2d /Applications/SystemWorkbench.app/Contents/Eclipse/plugins/fr.ac6.mcu.externaltools.arm-none.macos64_1.17.0.201812190825/tools/compiler/bin/../lib/gcc/arm-none-eabi/7.3.1/../../../../arm-none-eabi/lib/thumb/v7-m/libc.a(lib_a-strlen-stub.o)
 .ARM.attributes
                0x0000000000000455       0x2d /Applications/SystemWorkbench.app/Contents/Eclipse/plugins/fr.ac6.mcu.externaltools.arm-none.macos64_1.17.0.201812190825/tools/compiler/bin/../lib/gcc/arm-none-eabi/7.3.1/../../../../arm-none-eabi/lib/thumb/v7-m/libc.a(lib_a-__call_atexit.o)
 .ARM.attributes
                0x0000000000000482       0x2d /Applications/SystemWorkbench.app/Contents/Eclipse/plugins/fr.ac6.mcu.externaltools.arm-none.macos64_1.17.0.201812190825/tools/compiler/bin/../lib/gcc/arm-none-eabi/7.3.1/../../../../arm-none-eabi/lib/thumb/v7-m/libc.a(lib_a-atexit.o)
 .ARM.attributes
                0x00000000000004af       0x2d /Applications/SystemWorkbench.app/Contents/Eclipse/plugins/fr.ac6.mcu.externaltools.arm-none.macos64_1.17.0.201812190825/tools/compiler/bin/../lib/gcc/arm-none-eabi/7.3.1/../../../../arm-none-eabi/lib/thumb/v7-m/libc.a(lib_a-fini.o)
 .ARM.attributes
                0x00000000000004dc       0x2d /Applications/SystemWorkbench.app/Contents/Eclipse/plugins/fr.ac6.mcu.externaltools.arm-none.macos64_1.17.0.201812190825/tools/compiler/bin/../lib/gcc/arm-none-eabi/7.3.1/../../../../arm-none-eabi/lib/thumb/v7-m/libc.a(lib_a-lock.o)
 .ARM.attributes
                0x0000000000000509       0x2d /Applications/SystemWorkbench.app/Contents/Eclipse/plugins/fr.ac6.mcu.externaltools.arm-none.macos64_1.17.0.201812190825/tools/compiler/bin/../lib/gcc/arm-none-eabi/7.3.1/../../../../arm-none-eabi/lib/thumb/v7-m/libc.a(lib_a-__atexit.o)
 .ARM.attributes
                0x0000000000000536       0x1d /Applications/SystemWorkbench.app/Contents/Eclipse/plugins/fr.ac6.mcu.externaltools.arm-none.macos64_1.17.0.201812190825/tools/compiler/bin/../lib/gcc/arm-none-eabi/7.3.1/thumb/v7-m/crtn.o
OUTPUT(Session26.elf elf32-littlearm)

.debug_info     0x0000000000000000     0xf2d6
 .debug_info    0x0000000000000000      0xae2 src/accel.o
 .debug_info    0x0000000000000ae2      0xd81 src/clock.o
 .debug_info    0x0000000000001863      0xc1b src/dbg.o
 .debug_info    0x000000000000247e      0xa9c src/gobbler.o
 .debug_info    0x0000000000002f1a     0x1245 src/i2c.o
 .debug_info    0x000000000000415f      0xdc4 src/lcd.o
 .debug_info    0x0000000000004f23      0xa8f src/main.o
 .debug_info    0x00000000000059b2      0xe07 src/nav.o
 .debug_info    0x00000000000067b9      0xdaa src/rgb.o
 .debug_info    0x0000000000007563      0xcec src/spi.o
 .debug_info    0x000000000000824f      0x96d src/stm32l1xx_it.o
 .debug_info    0x0000000000008bbc      0xc71 src/system_stm32l1xx.o
 .debug_info    0x000000000000982d     0x16bd src/uart.o
 .debug_info    0x000000000000aeea       0x22 startup/startup_stm32l152xe.o
 .debug_info    0x000000000000af0c      0xf05 /Users/gabekrishnadasan/Desktop/2023S/COMP421/nucleo-l152re_hal_lib/Debug/libnucleo-l152re_hal_lib.a(stm32l1xx_hal.o)
 .debug_info    0x000000000000be11     0x157e /Users/gabekrishnadasan/Desktop/2023S/COMP421/nucleo-l152re_hal_lib/Debug/libnucleo-l152re_hal_lib.a(stm32l1xx_hal_cortex.o)
 .debug_info    0x000000000000d38f      0xe3f /Users/gabekrishnadasan/Desktop/2023S/COMP421/nucleo-l152re_hal_lib/Debug/libnucleo-l152re_hal_lib.a(stm32l1xx_ll_rcc.o)
 .debug_info    0x000000000000e1ce     0x1108 /Users/gabekrishnadasan/Desktop/2023S/COMP421/nucleo-l152re_hal_lib/Debug/libnucleo-l152re_hal_lib.a(stm32l1xx_ll_utils.o)

.debug_abbrev   0x0000000000000000     0x2c85
 .debug_abbrev  0x0000000000000000      0x224 src/accel.o
 .debug_abbrev  0x0000000000000224      0x252 src/clock.o
 .debug_abbrev  0x0000000000000476      0x292 src/dbg.o
 .debug_abbrev  0x0000000000000708      0x220 src/gobbler.o
 .debug_abbrev  0x0000000000000928      0x2bd src/i2c.o
 .debug_abbrev  0x0000000000000be5      0x263 src/lcd.o
 .debug_abbrev  0x0000000000000e48      0x1ff src/main.o
 .debug_abbrev  0x0000000000001047      0x2f8 src/nav.o
 .debug_abbrev  0x000000000000133f      0x2e0 src/rgb.o
 .debug_abbrev  0x000000000000161f      0x2bb src/spi.o
 .debug_abbrev  0x00000000000018da      0x1b1 src/stm32l1xx_it.o
 .debug_abbrev  0x0000000000001a8b      0x205 src/system_stm32l1xx.o
 .debug_abbrev  0x0000000000001c90      0x353 src/uart.o
 .debug_abbrev  0x0000000000001fe3       0x12 startup/startup_stm32l152xe.o
 .debug_abbrev  0x0000000000001ff5      0x2a3 /Users/gabekrishnadasan/Desktop/2023S/COMP421/nucleo-l152re_hal_lib/Debug/libnucleo-l152re_hal_lib.a(stm32l1xx_hal.o)
 .debug_abbrev  0x0000000000002298      0x36b /Users/gabekrishnadasan/Desktop/2023S/COMP421/nucleo-l152re_hal_lib/Debug/libnucleo-l152re_hal_lib.a(stm32l1xx_hal_cortex.o)
 .debug_abbrev  0x0000000000002603      0x33c /Users/gabekrishnadasan/Desktop/2023S/COMP421/nucleo-l152re_hal_lib/Debug/libnucleo-l152re_hal_lib.a(stm32l1xx_ll_rcc.o)
 .debug_abbrev  0x000000000000293f      0x346 /Users/gabekrishnadasan/Desktop/2023S/COMP421/nucleo-l152re_hal_lib/Debug/libnucleo-l152re_hal_lib.a(stm32l1xx_ll_utils.o)

.debug_aranges  0x0000000000000000      0x8d8
 .debug_aranges
                0x0000000000000000       0x30 src/accel.o
 .debug_aranges
                0x0000000000000030       0xa0 src/clock.o
 .debug_aranges
                0x00000000000000d0       0x38 src/dbg.o
 .debug_aranges
                0x0000000000000108       0x38 src/gobbler.o
 .debug_aranges
                0x0000000000000140       0xd0 src/i2c.o
 .debug_aranges
                0x0000000000000210       0x58 src/lcd.o
 .debug_aranges
                0x0000000000000268       0x30 src/main.o
 .debug_aranges
                0x0000000000000298       0x90 src/nav.o
 .debug_aranges
                0x0000000000000328       0x78 src/rgb.o
 .debug_aranges
                0x00000000000003a0       0x60 src/spi.o
 .debug_aranges
                0x0000000000000400       0x20 src/stm32l1xx_it.o
 .debug_aranges
                0x0000000000000420       0x28 src/system_stm32l1xx.o
 .debug_aranges
                0x0000000000000448       0xe8 src/uart.o
 .debug_aranges
                0x0000000000000530       0x28 startup/startup_stm32l152xe.o
 .debug_aranges
                0x0000000000000558       0xb0 /Users/gabekrishnadasan/Desktop/2023S/COMP421/nucleo-l152re_hal_lib/Debug/libnucleo-l152re_hal_lib.a(stm32l1xx_hal.o)
 .debug_aranges
                0x0000000000000608      0x118 /Users/gabekrishnadasan/Desktop/2023S/COMP421/nucleo-l152re_hal_lib/Debug/libnucleo-l152re_hal_lib.a(stm32l1xx_hal_cortex.o)
 .debug_aranges
                0x0000000000000720       0xc0 /Users/gabekrishnadasan/Desktop/2023S/COMP421/nucleo-l152re_hal_lib/Debug/libnucleo-l152re_hal_lib.a(stm32l1xx_ll_rcc.o)
 .debug_aranges
                0x00000000000007e0       0xf8 /Users/gabekrishnadasan/Desktop/2023S/COMP421/nucleo-l152re_hal_lib/Debug/libnucleo-l152re_hal_lib.a(stm32l1xx_ll_utils.o)

.debug_ranges   0x0000000000000000      0x7c0
 .debug_ranges  0x0000000000000000       0x20 src/accel.o
 .debug_ranges  0x0000000000000020       0x90 src/clock.o
 .debug_ranges  0x00000000000000b0       0x28 src/dbg.o
 .debug_ranges  0x00000000000000d8       0x28 src/gobbler.o
 .debug_ranges  0x0000000000000100       0xc0 src/i2c.o
 .debug_ranges  0x00000000000001c0       0x48 src/lcd.o
 .debug_ranges  0x0000000000000208       0x20 src/main.o
 .debug_ranges  0x0000000000000228       0x80 src/nav.o
 .debug_ranges  0x00000000000002a8       0x68 src/rgb.o
 .debug_ranges  0x0000000000000310       0x50 src/spi.o
 .debug_ranges  0x0000000000000360       0x10 src/stm32l1xx_it.o
 .debug_ranges  0x0000000000000370       0x18 src/system_stm32l1xx.o
 .debug_ranges  0x0000000000000388       0xd8 src/uart.o
 .debug_ranges  0x0000000000000460       0x20 startup/startup_stm32l152xe.o
 .debug_ranges  0x0000000000000480       0xa0 /Users/gabekrishnadasan/Desktop/2023S/COMP421/nucleo-l152re_hal_lib/Debug/libnucleo-l152re_hal_lib.a(stm32l1xx_hal.o)
 .debug_ranges  0x0000000000000520      0x108 /Users/gabekrishnadasan/Desktop/2023S/COMP421/nucleo-l152re_hal_lib/Debug/libnucleo-l152re_hal_lib.a(stm32l1xx_hal_cortex.o)
 .debug_ranges  0x0000000000000628       0xb0 /Users/gabekrishnadasan/Desktop/2023S/COMP421/nucleo-l152re_hal_lib/Debug/libnucleo-l152re_hal_lib.a(stm32l1xx_ll_rcc.o)
 .debug_ranges  0x00000000000006d8       0xe8 /Users/gabekrishnadasan/Desktop/2023S/COMP421/nucleo-l152re_hal_lib/Debug/libnucleo-l152re_hal_lib.a(stm32l1xx_ll_utils.o)

.debug_macro    0x0000000000000000    0x1fd38
 .debug_macro   0x0000000000000000      0x533 src/accel.o
 .debug_macro   0x0000000000000533      0xa72 src/accel.o
 .debug_macro   0x0000000000000fa5       0x22 src/accel.o
 .debug_macro   0x0000000000000fc7       0x58 src/accel.o
 .debug_macro   0x000000000000101f       0x18 src/accel.o
 .debug_macro   0x0000000000001037       0x94 src/accel.o
 .debug_macro   0x00000000000010cb       0x35 src/accel.o
 .debug_macro   0x0000000000001100       0x34 src/accel.o
 .debug_macro   0x0000000000001134      0x174 src/accel.o
 .debug_macro   0x00000000000012a8       0x57 src/accel.o
 .debug_macro   0x00000000000012ff       0x58 src/accel.o
 .debug_macro   0x0000000000001357       0x1f src/accel.o
 .debug_macro   0x0000000000001376       0x43 src/accel.o
 .debug_macro   0x00000000000013b9       0x20 src/accel.o
 .debug_macro   0x00000000000013d9      0x18e src/accel.o
 .debug_macro   0x0000000000001567      0x330 src/accel.o
 .debug_macro   0x0000000000001897      0x1e1 src/accel.o
 .debug_macro   0x0000000000001a78       0x10 src/accel.o
 .debug_macro   0x0000000000001a88       0x28 src/accel.o
 .debug_macro   0x0000000000001ab0       0x22 src/accel.o
 .debug_macro   0x0000000000001ad2       0xef src/accel.o
 .debug_macro   0x0000000000001bc1       0x6a src/accel.o
 .debug_macro   0x0000000000001c2b      0x1df src/accel.o
 .debug_macro   0x0000000000001e0a       0x34 src/accel.o
 .debug_macro   0x0000000000001e3e       0x34 src/accel.o
 .debug_macro   0x0000000000001e72      0xcb4 src/accel.o
 .debug_macro   0x0000000000002b26     0xbeb6 src/accel.o
 .debug_macro   0x000000000000e9dc       0x43 src/accel.o
 .debug_macro   0x000000000000ea1f      0x106 src/accel.o
 .debug_macro   0x000000000000eb25     0x342b src/accel.o
 .debug_macro   0x0000000000011f50       0x1c src/accel.o
 .debug_macro   0x0000000000011f6c       0x35 src/accel.o
 .debug_macro   0x0000000000011fa1       0x10 src/accel.o
 .debug_macro   0x0000000000011fb1       0x10 src/accel.o
 .debug_macro   0x0000000000011fc1       0x1c src/accel.o
 .debug_macro   0x0000000000011fdd       0x52 src/accel.o
 .debug_macro   0x000000000001202f       0x40 src/accel.o
 .debug_macro   0x000000000001206f       0x10 src/accel.o
 .debug_macro   0x000000000001207f       0x40 src/accel.o
 .debug_macro   0x00000000000120bf       0xd7 src/accel.o
 .debug_macro   0x0000000000012196       0x1c src/accel.o
 .debug_macro   0x00000000000121b2       0x3d src/accel.o
 .debug_macro   0x00000000000121ef       0x16 src/accel.o
 .debug_macro   0x0000000000012205      0x16f src/accel.o
 .debug_macro   0x0000000000012374       0x56 src/accel.o
 .debug_macro   0x00000000000123ca      0xe3e src/accel.o
 .debug_macro   0x0000000000013208      0x363 src/accel.o
 .debug_macro   0x000000000001356b      0x141 src/accel.o
 .debug_macro   0x00000000000136ac       0xc6 src/accel.o
 .debug_macro   0x0000000000013772      0x25d src/accel.o
 .debug_macro   0x00000000000139cf      0x23a src/accel.o
 .debug_macro   0x0000000000013c09      0x685 src/accel.o
 .debug_macro   0x000000000001428e      0x16f src/accel.o
 .debug_macro   0x00000000000143fd      0x1fb src/accel.o
 .debug_macro   0x00000000000145f8       0xf0 src/accel.o
 .debug_macro   0x00000000000146e8       0x22 src/accel.o
 .debug_macro   0x000000000001470a      0x117 src/accel.o
 .debug_macro   0x0000000000014821       0xac src/accel.o
 .debug_macro   0x00000000000148cd      0x113 src/accel.o
 .debug_macro   0x00000000000149e0      0x56c src/accel.o
 .debug_macro   0x0000000000014f4c      0x225 src/accel.o
 .debug_macro   0x0000000000015171      0x199 src/accel.o
 .debug_macro   0x000000000001530a       0x79 src/accel.o
 .debug_macro   0x0000000000015383      0x3d7 src/accel.o
 .debug_macro   0x000000000001575a      0x129 src/accel.o
 .debug_macro   0x0000000000015883       0x30 src/accel.o
 .debug_macro   0x00000000000158b3      0x1ed src/accel.o
 .debug_macro   0x0000000000015aa0       0x22 src/accel.o
 .debug_macro   0x0000000000015ac2      0x28e src/accel.o
 .debug_macro   0x0000000000015d50      0x5d6 src/accel.o
 .debug_macro   0x0000000000016326      0x1ed src/accel.o
 .debug_macro   0x0000000000016513       0x1c src/accel.o
 .debug_macro   0x000000000001652f      0x757 src/accel.o
 .debug_macro   0x0000000000016c86       0xac src/accel.o
 .debug_macro   0x0000000000016d32      0x287 src/accel.o
 .debug_macro   0x0000000000016fb9      0x233 src/accel.o
 .debug_macro   0x00000000000171ec      0x1c3 src/accel.o
 .debug_macro   0x00000000000173af      0x2f7 src/accel.o
 .debug_macro   0x00000000000176a6       0x89 src/accel.o
 .debug_macro   0x000000000001772f      0x281 src/accel.o
 .debug_macro   0x00000000000179b0      0x470 src/accel.o
 .debug_macro   0x0000000000017e20      0x1a6 src/accel.o
 .debug_macro   0x0000000000017fc6      0xd49 src/accel.o
 .debug_macro   0x0000000000018d0f      0x12d src/accel.o
 .debug_macro   0x0000000000018e3c      0x222 src/accel.o
 .debug_macro   0x000000000001905e      0x156 src/accel.o
 .debug_macro   0x00000000000191b4      0x16d src/accel.o
 .debug_macro   0x0000000000019321       0xd8 src/accel.o
 .debug_macro   0x00000000000193f9      0x33a src/accel.o
 .debug_macro   0x0000000000019733      0x48b src/accel.o
 .debug_macro   0x0000000000019bbe      0x1b5 src/accel.o
 .debug_macro   0x0000000000019d73       0x2a src/accel.o
 .debug_macro   0x0000000000019d9d       0x10 src/accel.o
 .debug_macro   0x0000000000019dad      0x494 src/clock.o
 .debug_macro   0x000000000001a241       0x8e src/clock.o
 .debug_macro   0x000000000001a2cf       0x51 src/clock.o
 .debug_macro   0x000000000001a320       0x5e src/clock.o
 .debug_macro   0x000000000001a37e       0x16 src/clock.o
 .debug_macro   0x000000000001a394       0x97 src/clock.o
 .debug_macro   0x000000000001a42b       0xfd src/clock.o
 .debug_macro   0x000000000001a528      0x127 src/clock.o
 .debug_macro   0x000000000001a64f      0x32c src/clock.o
 .debug_macro   0x000000000001a97b      0x48d src/dbg.o
 .debug_macro   0x000000000001ae08       0x1c src/dbg.o
 .debug_macro   0x000000000001ae24      0x56a src/gobbler.o
 .debug_macro   0x000000000001b38e       0x76 src/gobbler.o
 .debug_macro   0x000000000001b404       0x4c src/gobbler.o
 .debug_macro   0x000000000001b450      0x4a6 src/i2c.o
 .debug_macro   0x000000000001b8f6      0x51c src/lcd.o
 .debug_macro   0x000000000001be12      0x4e5 src/main.o
 .debug_macro   0x000000000001c2f7      0x50c src/nav.o
 .debug_macro   0x000000000001c803      0x4b1 src/rgb.o
 .debug_macro   0x000000000001ccb4      0x4ca src/spi.o
 .debug_macro   0x000000000001d17e      0x41d src/stm32l1xx_it.o
 .debug_macro   0x000000000001d59b      0x419 src/system_stm32l1xx.o
 .debug_macro   0x000000000001d9b4      0x49a src/uart.o
 .debug_macro   0x000000000001de4e      0x437 /Users/gabekrishnadasan/Desktop/2023S/COMP421/nucleo-l152re_hal_lib/Debug/libnucleo-l152re_hal_lib.a(stm32l1xx_hal.o)
 .debug_macro   0x000000000001e285      0xa60 /Users/gabekrishnadasan/Desktop/2023S/COMP421/nucleo-l152re_hal_lib/Debug/libnucleo-l152re_hal_lib.a(stm32l1xx_hal.o)
 .debug_macro   0x000000000001ece5       0x2e /Users/gabekrishnadasan/Desktop/2023S/COMP421/nucleo-l152re_hal_lib/Debug/libnucleo-l152re_hal_lib.a(stm32l1xx_hal.o)
 .debug_macro   0x000000000001ed13      0x413 /Users/gabekrishnadasan/Desktop/2023S/COMP421/nucleo-l152re_hal_lib/Debug/libnucleo-l152re_hal_lib.a(stm32l1xx_hal_cortex.o)
 .debug_macro   0x000000000001f126      0x422 /Users/gabekrishnadasan/Desktop/2023S/COMP421/nucleo-l152re_hal_lib/Debug/libnucleo-l152re_hal_lib.a(stm32l1xx_ll_rcc.o)
 .debug_macro   0x000000000001f548      0x334 /Users/gabekrishnadasan/Desktop/2023S/COMP421/nucleo-l152re_hal_lib/Debug/libnucleo-l152re_hal_lib.a(stm32l1xx_ll_rcc.o)
 .debug_macro   0x000000000001f87c      0x4bc /Users/gabekrishnadasan/Desktop/2023S/COMP421/nucleo-l152re_hal_lib/Debug/libnucleo-l152re_hal_lib.a(stm32l1xx_ll_utils.o)

.debug_line     0x0000000000000000     0xe162
 .debug_line    0x0000000000000000      0xc92 src/accel.o
 .debug_line    0x0000000000000c92      0xdad src/clock.o
 .debug_line    0x0000000000001a3f      0xc90 src/dbg.o
 .debug_line    0x00000000000026cf      0xd76 src/gobbler.o
 .debug_line    0x0000000000003445      0xf4f src/i2c.o
 .debug_line    0x0000000000004394      0xf05 src/lcd.o
 .debug_line    0x0000000000005299      0xcdf src/main.o
 .debug_line    0x0000000000005f78      0xdf1 src/nav.o
 .debug_line    0x0000000000006d69      0xdc0 src/rgb.o
 .debug_line    0x0000000000007b29      0xd40 src/spi.o
 .debug_line    0x0000000000008869      0xae2 src/stm32l1xx_it.o
 .debug_line    0x000000000000934b      0xacb src/system_stm32l1xx.o
 .debug_line    0x0000000000009e16      0xef2 src/uart.o
 .debug_line    0x000000000000ad08       0x7d startup/startup_stm32l152xe.o
 .debug_line    0x000000000000ad85      0xbf8 /Users/gabekrishnadasan/Desktop/2023S/COMP421/nucleo-l152re_hal_lib/Debug/libnucleo-l152re_hal_lib.a(stm32l1xx_hal.o)
 .debug_line    0x000000000000b97d      0xdb0 /Users/gabekrishnadasan/Desktop/2023S/COMP421/nucleo-l152re_hal_lib/Debug/libnucleo-l152re_hal_lib.a(stm32l1xx_hal_cortex.o)
 .debug_line    0x000000000000c72d      0xcb1 /Users/gabekrishnadasan/Desktop/2023S/COMP421/nucleo-l152re_hal_lib/Debug/libnucleo-l152re_hal_lib.a(stm32l1xx_ll_rcc.o)
 .debug_line    0x000000000000d3de      0xd84 /Users/gabekrishnadasan/Desktop/2023S/COMP421/nucleo-l152re_hal_lib/Debug/libnucleo-l152re_hal_lib.a(stm32l1xx_ll_utils.o)

.debug_str      0x0000000000000000    0xbaf9d
 .debug_str     0x0000000000000000    0xb77d5 src/accel.o
                                      0xb8065 (size before relaxing)
 .debug_str     0x00000000000b77d5      0x264 src/clock.o
                                      0xb7780 (size before relaxing)
 .debug_str     0x00000000000b7a39      0x14a src/dbg.o
                                      0xb76ec (size before relaxing)
 .debug_str     0x00000000000b7b83      0x87f src/gobbler.o
                                      0xb7de2 (size before relaxing)
 .debug_str     0x00000000000b8402      0x2f8 src/i2c.o
                                      0xb7950 (size before relaxing)
 .debug_str     0x00000000000b86fa      0x43e src/lcd.o
                                      0xb7be3 (size before relaxing)
 .debug_str     0x00000000000b8b38       0x3d src/main.o
                                      0xb7ac0 (size before relaxing)
 .debug_str     0x00000000000b8b75      0x3ff src/nav.o
                                      0xb7a68 (size before relaxing)
 .debug_str     0x00000000000b8f74      0x120 src/rgb.o
                                      0xb79a0 (size before relaxing)
 .debug_str     0x00000000000b9094      0x28b src/spi.o
                                      0xb78da (size before relaxing)
 .debug_str     0x00000000000b931f       0x38 src/stm32l1xx_it.o
                                      0xa61c9 (size before relaxing)
 .debug_str     0x00000000000b9357       0xd0 src/system_stm32l1xx.o
                                      0xa62c6 (size before relaxing)
 .debug_str     0x00000000000b9427      0x626 src/uart.o
                                      0xb7d78 (size before relaxing)
 .debug_str     0x00000000000b9a4d       0x2f startup/startup_stm32l152xe.o
                                         0x6d (size before relaxing)
 .debug_str     0x00000000000b9a7c      0x303 /Users/gabekrishnadasan/Desktop/2023S/COMP421/nucleo-l152re_hal_lib/Debug/libnucleo-l152re_hal_lib.a(stm32l1xx_hal.o)
                                      0xa6914 (size before relaxing)
 .debug_str     0x00000000000b9d7f      0x364 /Users/gabekrishnadasan/Desktop/2023S/COMP421/nucleo-l152re_hal_lib/Debug/libnucleo-l152re_hal_lib.a(stm32l1xx_hal_cortex.o)
                                      0xa6a52 (size before relaxing)
 .debug_str     0x00000000000ba0e3      0x21c /Users/gabekrishnadasan/Desktop/2023S/COMP421/nucleo-l152re_hal_lib/Debug/libnucleo-l152re_hal_lib.a(stm32l1xx_ll_rcc.o)
                                      0xa7996 (size before relaxing)
 .debug_str     0x00000000000ba2ff      0xc9e /Users/gabekrishnadasan/Desktop/2023S/COMP421/nucleo-l152re_hal_lib/Debug/libnucleo-l152re_hal_lib.a(stm32l1xx_ll_utils.o)
                                      0xaa492 (size before relaxing)

.comment        0x0000000000000000       0x7f
 .comment       0x0000000000000000       0x7f src/accel.o
                                         0x80 (size before relaxing)
 .comment       0x000000000000007f       0x80 src/clock.o
 .comment       0x000000000000007f       0x80 src/dbg.o
 .comment       0x000000000000007f       0x80 src/gobbler.o
 .comment       0x000000000000007f       0x80 src/i2c.o
 .comment       0x000000000000007f       0x80 src/lcd.o
 .comment       0x000000000000007f       0x80 src/main.o
 .comment       0x000000000000007f       0x80 src/nav.o
 .comment       0x000000000000007f       0x80 src/rgb.o
 .comment       0x000000000000007f       0x80 src/spi.o
 .comment       0x000000000000007f       0x80 src/stm32l1xx_it.o
 .comment       0x000000000000007f       0x80 src/system_stm32l1xx.o
 .comment       0x000000000000007f       0x80 src/uart.o
 .comment       0x000000000000007f       0x80 /Users/gabekrishnadasan/Desktop/2023S/COMP421/nucleo-l152re_hal_lib/Debug/libnucleo-l152re_hal_lib.a(stm32l1xx_hal.o)
 .comment       0x000000000000007f       0x80 /Users/gabekrishnadasan/Desktop/2023S/COMP421/nucleo-l152re_hal_lib/Debug/libnucleo-l152re_hal_lib.a(stm32l1xx_hal_cortex.o)
 .comment       0x000000000000007f       0x80 /Users/gabekrishnadasan/Desktop/2023S/COMP421/nucleo-l152re_hal_lib/Debug/libnucleo-l152re_hal_lib.a(stm32l1xx_ll_rcc.o)
 .comment       0x000000000000007f       0x80 /Users/gabekrishnadasan/Desktop/2023S/COMP421/nucleo-l152re_hal_lib/Debug/libnucleo-l152re_hal_lib.a(stm32l1xx_ll_utils.o)

.debug_frame    0x0000000000000000     0x22e0
 .debug_frame   0x0000000000000000       0x80 src/accel.o
 .debug_frame   0x0000000000000080      0x26c src/clock.o
 .debug_frame   0x00000000000002ec       0xa4 src/dbg.o
 .debug_frame   0x0000000000000390       0x9c src/gobbler.o
 .debug_frame   0x000000000000042c      0x3a4 src/i2c.o
 .debug_frame   0x00000000000007d0      0x140 src/lcd.o
 .debug_frame   0x0000000000000910       0x7c src/main.o
 .debug_frame   0x000000000000098c      0x200 src/nav.o
 .debug_frame   0x0000000000000b8c      0x1c0 src/rgb.o
 .debug_frame   0x0000000000000d4c      0x14c src/spi.o
 .debug_frame   0x0000000000000e98       0x2c src/stm32l1xx_it.o
 .debug_frame   0x0000000000000ec4       0x58 src/system_stm32l1xx.o
 .debug_frame   0x0000000000000f1c      0x3fc src/uart.o
 .debug_frame   0x0000000000001318      0x270 /Users/gabekrishnadasan/Desktop/2023S/COMP421/nucleo-l152re_hal_lib/Debug/libnucleo-l152re_hal_lib.a(stm32l1xx_hal.o)
 .debug_frame   0x0000000000001588      0x498 /Users/gabekrishnadasan/Desktop/2023S/COMP421/nucleo-l152re_hal_lib/Debug/libnucleo-l152re_hal_lib.a(stm32l1xx_hal_cortex.o)
 .debug_frame   0x0000000000001a20      0x2e8 /Users/gabekrishnadasan/Desktop/2023S/COMP421/nucleo-l152re_hal_lib/Debug/libnucleo-l152re_hal_lib.a(stm32l1xx_ll_rcc.o)
 .debug_frame   0x0000000000001d08      0x3f8 /Users/gabekrishnadasan/Desktop/2023S/COMP421/nucleo-l152re_hal_lib/Debug/libnucleo-l152re_hal_lib.a(stm32l1xx_ll_utils.o)
 .debug_frame   0x0000000000002100       0x2c /Applications/SystemWorkbench.app/Contents/Eclipse/plugins/fr.ac6.mcu.externaltools.arm-none.macos64_1.17.0.201812190825/tools/compiler/bin/../lib/gcc/arm-none-eabi/7.3.1/../../../../arm-none-eabi/lib/thumb/v7-m/libc.a(lib_a-init.o)
 .debug_frame   0x000000000000212c       0x20 /Applications/SystemWorkbench.app/Contents/Eclipse/plugins/fr.ac6.mcu.externaltools.arm-none.macos64_1.17.0.201812190825/tools/compiler/bin/../lib/gcc/arm-none-eabi/7.3.1/../../../../arm-none-eabi/lib/thumb/v7-m/libc.a(lib_a-strlen-stub.o)
 .debug_frame   0x000000000000214c       0x5c /Applications/SystemWorkbench.app/Contents/Eclipse/plugins/fr.ac6.mcu.externaltools.arm-none.macos64_1.17.0.201812190825/tools/compiler/bin/../lib/gcc/arm-none-eabi/7.3.1/../../../../arm-none-eabi/lib/thumb/v7-m/libc.a(lib_a-__call_atexit.o)
 .debug_frame   0x00000000000021a8       0x20 /Applications/SystemWorkbench.app/Contents/Eclipse/plugins/fr.ac6.mcu.externaltools.arm-none.macos64_1.17.0.201812190825/tools/compiler/bin/../lib/gcc/arm-none-eabi/7.3.1/../../../../arm-none-eabi/lib/thumb/v7-m/libc.a(lib_a-atexit.o)
 .debug_frame   0x00000000000021c8       0x34 /Applications/SystemWorkbench.app/Contents/Eclipse/plugins/fr.ac6.mcu.externaltools.arm-none.macos64_1.17.0.201812190825/tools/compiler/bin/../lib/gcc/arm-none-eabi/7.3.1/../../../../arm-none-eabi/lib/thumb/v7-m/libc.a(lib_a-fini.o)
 .debug_frame   0x00000000000021fc       0xb0 /Applications/SystemWorkbench.app/Contents/Eclipse/plugins/fr.ac6.mcu.externaltools.arm-none.macos64_1.17.0.201812190825/tools/compiler/bin/../lib/gcc/arm-none-eabi/7.3.1/../../../../arm-none-eabi/lib/thumb/v7-m/libc.a(lib_a-lock.o)
 .debug_frame   0x00000000000022ac       0x34 /Applications/SystemWorkbench.app/Contents/Eclipse/plugins/fr.ac6.mcu.externaltools.arm-none.macos64_1.17.0.201812190825/tools/compiler/bin/../lib/gcc/arm-none-eabi/7.3.1/../../../../arm-none-eabi/lib/thumb/v7-m/libc.a(lib_a-__atexit.o)
